// Jest Snapshot v1, https://goo.gl/fbAQLP

exports[`Root matches snapshot when no props provided 1`] = `
<div>
  <h1>
    Hello world!
  </h1>
</div>
`;
